./test||0||trace()
./test||0||foo(int)
./test||0||foo(int)
./test||0||foo(int)
./test||0||foo(int)
./test||0||foo(int)
./test||0||foo(int)
./test||0||foo(int)
./test||0||foo(int)
./test||0||foo(int)
./test||0||foo(int)
./test||0||foo(int)
./test||0||void foo<int>(int, int)
./test||0||void foo<int, int>(int, int, int)
./test||0||void foo<int, int, int>(int, int, int, int)
./test||0||void foo<int, int, int, int>(int, int, int, int, int)
./test||0||void foo<int, int, int, int, int>(int, int, int, int, int, int)
./test||0||void foo<int, int, int, int, int, int>(int, int, int, int, int, int, int)
./test||0||void foo<int, int, int, int, int, int, int>(int, int, int, int, int, int, int, int)
./test||0||void foo<int, int, int, int, int, int, int, int>(int, int, int, int, int, int, int, int, int)
./test||0||void foo<int, int, int, int, int, int, int, int, int>(int, int, int, int, int, int, int, int, int, int)
./test||0||function_two(int, float)
./test||0||function_one(int)
./test||0||main
/lib/x86_64-linux-gnu/libc.so.6||0||__libc_start_main
./test||0||_start