test/test.cpp||18||trace()
test/test.cpp||34||foo(int)
test/test.cpp||38||foo(int)
test/test.cpp||38||foo(int)
test/test.cpp||38||foo(int)
test/test.cpp||38||foo(int)
test/test.cpp||38||foo(int)
test/test.cpp||38||foo(int)
test/test.cpp||38||foo(int)
test/test.cpp||38||foo(int)
test/test.cpp||38||foo(int)
test/test.cpp||38||foo(int)
test/test.cpp||46||void foo<int>(int, int)
test/test.cpp||46||void foo<int, int>(int, int, int)
test/test.cpp||46||void foo<int, int, int>(int, int, int, int)
test/test.cpp||46||void foo<int, int, int, int>(int, int, int, int, int)
test/test.cpp||46||void foo<int, int, int, int, int>(int, int, int, int, int, int)
test/test.cpp||46||void foo<int, int, int, int, int, int>(int, int, int, int, int, int, int)
test/test.cpp||46||void foo<int, int, int, int, int, int, int>(int, int, int, int, int, int, int, int)
test/test.cpp||46||void foo<int, int, int, int, int, int, int, int>(int, int, int, int, int, int, int, int, int)
test/test.cpp||46||void foo<int, int, int, int, int, int, int, int, int>(int, int, int, int, int, int, int, int, int, int)
test/test.cpp||52||function_two(int, float)
test/test.cpp||58||function_one(int)
test/test.cpp||64||main
../csu/libc-start.c||308||__libc_start_main
||0||_start
||0||