build/test||0||trace()
build/test||0||www(std::__1::basic_string<char, std::__1::char_traits<char>, std::__1::allocator<char>>&&, std::__1::basic_string<char, std::__1::char_traits<char>, std::__1::allocator<char>> const&, std::__1::vector<std::__1::basic_string<char, std::__1::char_traits<char>, std::__1::allocator<char>>*, std::__1::allocator<std::__1::basic_string<char, std::__1::char_traits<char>, std::__1::allocator<char>>*>>&&)
build/test||0||jjj(void (* const*)(float))
build/test||0||iii(Foo::Bar)
build/test||0||hhh(int (* (*) [10]) [20])
build/test||0||ggg(int const* const*)
build/test||0||fff(int (S::*)(float) const volatile &&)
build/test||0||eee(int (* (* const* volatile (*) [10])())(float))
build/test||0||ddd(int (* (*) [10])())
build/test||0||ccc(int (*) [5][6][7][8])
build/test||0||bbb(int (* const (&) [5])(float, int const&))
build/test||0||aaa(int (&) [5])
build/test||0||foo(int)
build/test||0||foo(int)
build/test||0||foo(int)
build/test||0||foo(int)
build/test||0||foo(int)
build/test||0||foo(int)
build/test||0||foo(int)
build/test||0||foo(int)
build/test||0||foo(int)
build/test||0||foo(int)
build/test||0||foo(int)
build/test||0||void foo<int>(int, int)
build/test||0||void foo<int, int>(int, int, int)
build/test||0||void foo<int, int, int>(int, int, int, int)
build/test||0||void foo<int, int, int, int>(int, int, int, int, int)
build/test||0||void foo<int, int, int, int, int>(int, int, int, int, int, int)
build/test||0||void foo<int, int, int, int, int, int>(int, int, int, int, int, int, int)
build/test||0||void foo<int, int, int, int, int, int, int>(int, int, int, int, int, int, int, int)
build/test||0||void foo<int, int, int, int, int, int, int, int>(int, int, int, int, int, int, int, int, int)
build/test||0||void foo<int, int, int, int, int, int, int, int, int>(int, int, int, int, int, int, int, int, int, int)
build/test||0||function_two(int, float)
build/test||0||function_one(int)
build/test||0||main
/usr/lib/dyld||0||start