test.cpp||19||trace()
test.cpp||35||foo(int)
test.cpp||39||foo(int)
test.cpp||39||foo(int)
test.cpp||39||foo(int)
test.cpp||39||foo(int)
test.cpp||39||foo(int)
test.cpp||39||foo(int)
test.cpp||39||foo(int)
test.cpp||39||foo(int)
test.cpp||39||foo(int)
test.cpp||39||foo(int)
test.cpp||47||void foo<int>(int, int)
test.cpp||47||void foo<int, int>(int, int, int)
test.cpp||47||void foo<int, int, int>(int, int, int, int)
test.cpp||47||void foo<int, int, int, int>(int, int, int, int, int)
test.cpp||47||void foo<int, int, int, int, int>(int, int, int, int, int, int)
test.cpp||47||void foo<int, int, int, int, int, int>(int, int, int, int, int, int, int)
test.cpp||47||void foo<int, int, int, int, int, int, int>(int, int, int, int, int, int, int, int)
test.cpp||47||void foo<int, int, int, int, int, int, int, int>(int, int, int, int, int, int, int, int, int)
test.cpp||47||void foo<int, int, int, int, int, int, int, int, int>(int, int, int, int, int, int, int, int, int, int)
test.cpp||53||function_two(int, float)
test.cpp||59||function_one(int)
test.cpp||65||main
||0||