build/test||0||trace()
build/test||0||foo(int)
build/test||0||foo(int)
build/test||0||foo(int)
build/test||0||foo(int)
build/test||0||foo(int)
build/test||0||foo(int)
build/test||0||foo(int)
build/test||0||foo(int)
build/test||0||foo(int)
build/test||0||foo(int)
build/test||0||foo(int)
build/test||0||void foo<int>(int, int)
build/test||0||void foo<int, int>(int, int, int)
build/test||0||void foo<int, int, int>(int, int, int, int)
build/test||0||void foo<int, int, int, int>(int, int, int, int, int)
build/test||0||void foo<int, int, int, int, int>(int, int, int, int, int, int)
build/test||0||void foo<int, int, int, int, int, int>(int, int, int, int, int, int, int)
build/test||0||void foo<int, int, int, int, int, int, int>(int, int, int, int, int, int, int, int)
build/test||0||void foo<int, int, int, int, int, int, int, int>(int, int, int, int, int, int, int, int, int)
build/test||0||void foo<int, int, int, int, int, int, int, int, int>(int, int, int, int, int, int, int, int, int, int)
build/test||0||function_two(int, float)
build/test||0||function_one(int)
build/test||0||main
/usr/lib/dyld||0||start