test/test.cpp||23||trace()
test/test.cpp||33||www(std::__cxx11::basic_string<char, std::char_traits<char>, std::allocator<char> >&&, std::__cxx11::basic_string<char, std::char_traits<char>, std::allocator<char> > const&, std::vector<std::__cxx11::basic_string<char, std::char_traits<char>, std::allocator<char> >*, std::allocator<std::__cxx11::basic_string<char, std::char_traits<char>, std::allocator<char> >*> >&&)
test/test.cpp||37||jjj(void (* const*)(float))
test/test.cpp||45||iii(Foo::Bar)
test/test.cpp||55||hhh(int (* (*) [10]) [20])
test/test.cpp||59||ggg(int const* const*)
test/test.cpp||63||fff(int (S::*)(float) const volatile &&)
test/test.cpp||68||eee(int (*(* const* volatile (*) [10])())(float))
test/test.cpp||72||ddd(int (* (*) [10])())
test/test.cpp||76||ccc(int (*) [5][6][7][8])
test/test.cpp||80||bbb(int (* const (&) [5])(float, int const&))
test/test.cpp||85||aaa(int (&) [5])
test/test.cpp||94||foo(int)
test/test.cpp||98||foo(int)
test/test.cpp||98||foo(int)
test/test.cpp||98||foo(int)
test/test.cpp||98||foo(int)
test/test.cpp||98||foo(int)
test/test.cpp||98||foo(int)
test/test.cpp||98||foo(int)
test/test.cpp||98||foo(int)
test/test.cpp||98||foo(int)
test/test.cpp||98||foo(int)
test/test.cpp||106||void foo<int>(int, int)
test/test.cpp||106||void foo<int, int>(int, int, int)
test/test.cpp||106||void foo<int, int, int>(int, int, int, int)
test/test.cpp||106||void foo<int, int, int, int>(int, int, int, int, int)
test/test.cpp||106||void foo<int, int, int, int, int>(int, int, int, int, int, int)
test/test.cpp||106||void foo<int, int, int, int, int, int>(int, int, int, int, int, int, int)
test/test.cpp||106||void foo<int, int, int, int, int, int, int>(int, int, int, int, int, int, int, int)
test/test.cpp||106||void foo<int, int, int, int, int, int, int, int>(int, int, int, int, int, int, int, int, int)
test/test.cpp||106||void foo<int, int, int, int, int, int, int, int, int>(int, int, int, int, int, int, int, int, int, int)
test/test.cpp||112||function_two(int, float)
test/test.cpp||118||function_one(int)
test/test.cpp||125||main
C:/M/mingw-w64-crt-git/src/mingw-w64/mingw-w64-crt/crt/crtexe.c||272||__tmainCRTStartup
C:/M/mingw-w64-crt-git/src/mingw-w64/mingw-w64-crt/crt/crtexe.c||193||mainCRTStartup
||0||BaseThreadInitThunk
||0||RtlUserThreadStart