test\test.cpp||23||trace()
test\test.cpp||33||www(std::basic_string<char, std::char_traits<char>, std::allocator<char> >*, std::basic_string<char, std::char_traits<char>, std::allocator<char> >&, std::vector<std::basic_string<char, std::char_traits<char>, std::allocator<char> > *, std::allocator<std::basic_string<char, std::char_traits<char>, std::allocator<char> > *> >*)
test\test.cpp||37||jjj(void(*(*))(float))
test\test.cpp||45||iii(Foo::Bar)
test\test.cpp||55||hhh(int(*(*)[10])[20])
test\test.cpp||59||ggg(int**)
test\test.cpp||63||fff(int(S::*)(float))
test\test.cpp||68||eee(int(*(*(*(*)[10]))())(float))
test\test.cpp||72||ddd(int(*(*)[10])())
test\test.cpp||76||ccc(int(*)[5][6][7][8])
test\test.cpp||80||bbb(int(*(&)[5])(float, int&))
test\test.cpp||85||aaa(int(&)[5])
test\test.cpp||94||foo(int)
test\test.cpp||98||foo(int)
test\test.cpp||98||foo(int)
test\test.cpp||98||foo(int)
test\test.cpp||98||foo(int)
test\test.cpp||98||foo(int)
test\test.cpp||98||foo(int)
test\test.cpp||98||foo(int)
test\test.cpp||98||foo(int)
test\test.cpp||98||foo(int)
test\test.cpp||98||foo(int)
test\test.cpp||106||foo<int>(int, int)
test\test.cpp||106||foo<int, int>(int, int, int)
test\test.cpp||106||foo<int, int, int>(int, int, int, int)
test\test.cpp||106||foo<int, int, int, int>(int, int, int, int, int)
test\test.cpp||106||foo<int, int, int, int, int>(int, int, int, int, int, int)
test\test.cpp||106||foo<int, int, int, int, int, int>(int, int, int, int, int, int, int)
test\test.cpp||106||foo<int, int, int, int, int, int, int>(int, int, int, int, int, int, int, int)
test\test.cpp||106||foo<int, int, int, int, int, int, int, int>(int, int, int, int, int, int, int, int, int)
test\test.cpp||106||foo<int, int, int, int, int, int, int, int, int>(int, int, int, int, int, int, int, int, int, int)
test\test.cpp||112||function_two(int, float)
test\test.cpp||118||function_one(int)
test\test.cpp||125||main()
D:\a\_work\1\s\src\vctools\crt\vcstartup\src\startup\exe_common.inl||79||invoke_main()
D:\a\_work\1\s\src\vctools\crt\vcstartup\src\startup\exe_common.inl||288||__scrt_common_main_seh()
D:\a\_work\1\s\src\vctools\crt\vcstartup\src\startup\exe_common.inl||331||__scrt_common_main()
D:\a\_work\1\s\src\vctools\crt\vcstartup\src\startup\exe_main.cpp||17||mainCRTStartup(void*)
||0||BaseThreadInitThunk
||0||RtlUserThreadStart