test\test.cpp||18||trace()
test\test.cpp||32||foo(int)
test\test.cpp||35||foo(int)
test\test.cpp||35||foo(int)
test\test.cpp||35||foo(int)
test\test.cpp||35||foo(int)
test\test.cpp||35||foo(int)
test\test.cpp||35||foo(int)
test\test.cpp||35||foo(int)
test\test.cpp||35||foo(int)
test\test.cpp||35||foo(int)
test\test.cpp||35||foo(int)
test\test.cpp||40||foo<int>(int, int)
test\test.cpp||40||foo<int, int>(int, int, int)
test\test.cpp||40||foo<int, int, int>(int, int, int, int)
test\test.cpp||40||foo<int, int, int, int>(int, int, int, int, int)
test\test.cpp||40||foo<int, int, int, int, int>(int, int, int, int, int, int)
test\test.cpp||40||foo<int, int, int, int, int, int>(int, int, int, int, int, int, int)
test\test.cpp||40||foo<int, int, int, int, int, int, int>(int, int, int, int, int, int, int, int)
test\test.cpp||40||foo<int, int, int, int, int, int, int, int>(int, int, int, int, int, int, int, int, int)
test\test.cpp||40||foo<int, int, int, int, int, int, int, int, int>(int, int, int, int, int, int, int, int, int, int)
test\test.cpp||44||function_two(int, float)
test\test.cpp||48||function_one(int)
test\test.cpp||52||main()
D:\a\_work\1\s\src\vctools\crt\vcstartup\src\startup\exe_common.inl||79||invoke_main()
D:\a\_work\1\s\src\vctools\crt\vcstartup\src\startup\exe_common.inl||288||__scrt_common_main_seh()
D:\a\_work\1\s\src\vctools\crt\vcstartup\src\startup\exe_common.inl||331||__scrt_common_main()
D:\a\_work\1\s\src\vctools\crt\vcstartup\src\startup\exe_main.cpp||17||mainCRTStartup(void*)
||-1||BaseThreadInitThunk
||-1||RtlUserThreadStart